ava_drive: display 0xb4390d8, guard LOADED
CGSNewRegionWithRect rc=0
CGSNewWindow cid=39187 -> wid=104 rc=0
CGSAddSurface -> sid=273239136 rc=0
CGSOrderWindow rc=0
  [guard before open] fwd=0 swallow=0 dvd_opens=0 doIDCT(sel18)=0 remaps=0
DVDDriverOpenDeviceImpl rc=0x0 dev=0x2809600 sizes=1024,768 flags=0x1180 out9=5 out10=8
  [guard after open] fwd=37 swallow=0 dvd_opens=1 doIDCT(sel18)=0 remaps=5
picture 3 'R3a one intra MB, DC only (rung 3)': type 1 alt 0 dst 0 fwd 0, 1 coefficient dwords, pstruct 1
  decode returned (repeat 0)
  [guard after decode] fwd=39 swallow=1 dvd_opens=1 doIDCT(sel18)=1 remaps=7
  GetFrame(dev, frame 0, buf 0x1288000, rowbytes 128, mode 2) ...
  GetFrame rc=0: 6144 bytes changed from the 0xAA fill (first 0x0, last 0x17ff)
  row 0: 00 ff 00 ff 00 ff 00 ff 00 ff 00 ff 00 ff 00 ff 00 00 00 00 00 00 00 00 00 00 00 00 00 00 00 00
  row 1: 00 00 00 00 00 00 00 00 00 00 00 00 00 00 00 00 00 00 00 00 00 00 00 00 00 00 00 00 00 00 00 00
  row 2: 80 ff 80 ff 80 ff 80 ff 80 ff 80 ff 80 ff 80 ff 80 00 80 00 80 00 80 00 80 00 80 00 80 00 80 00
  row 3: 80 00 80 00 80 00 80 00 80 00 80 00 80 00 80 00 80 00 80 00 80 00 80 00 80 00 80 00 80 00 80 00
  row 4: 00 ff 00 ff 00 ff 00 ff 00 ff 00 ff 00 ff 00 ff 00 00 00 00 00 00 00 00 00 00 00 00 00 00 00 00
  row 5: 00 00 00 00 00 00 00 00 00 00 00 00 00 00 00 00 00 00 00 00 00 00 00 00 00 00 00 00 00 00 00 00
  dumped /Users/bushmas/rung3/va/g13b_gf_p3_m2.bin
HOLD-AFTER 2 s (take the 'after' screenshot now)
  [guard after close] fwd=66 swallow=1 dvd_opens=1 doIDCT(sel18)=1 remaps=13
ava_drive: done
EXIT=0
