ava_drive: display 0xb4390d8, guard LOADED
CGSNewRegionWithRect rc=0
CGSNewWindow cid=57095 -> wid=115 rc=0
CGSAddSurface -> sid=273202432 rc=0
CGSOrderWindow rc=0
  [guard before open] fwd=0 swallow=0 dvd_opens=0 doIDCT(sel18)=0 remaps=0
DVDDriverOpenDeviceImpl rc=0x0 dev=0x2809000 sizes=1024,768 flags=0x1180 out9=5 out10=8
  [guard after open] fwd=32 swallow=5 dvd_opens=1 doIDCT(sel18)=0 remaps=5
picture 11 'R3i chroma probe (run with --height 32): Y flat 64, Cb DC64+vertical, Cr DC-64+horizontal': type 1 alt 0 dst 0 fwd 0, 8 coefficient dwords
  decode returned (repeat 0)
  [guard after decode] fwd=33 swallow=6 dvd_opens=1 doIDCT(sel18)=1 remaps=6
  GetFrame(dev, frame 0, buf 0x1088000, rowbytes 2048, mode 2) ...
  GetFrame rc=0: 0 bytes changed from the 0xAA fill (first 0xffffffff, last 0xffffffff)
  row 0: aa aa aa aa aa aa aa aa aa aa aa aa aa aa aa aa aa aa aa aa aa aa aa aa aa aa aa aa aa aa aa aa
  row 1: aa aa aa aa aa aa aa aa aa aa aa aa aa aa aa aa aa aa aa aa aa aa aa aa aa aa aa aa aa aa aa aa
  row 2: aa aa aa aa aa aa aa aa aa aa aa aa aa aa aa aa aa aa aa aa aa aa aa aa aa aa aa aa aa aa aa aa
  row 3: aa aa aa aa aa aa aa aa aa aa aa aa aa aa aa aa aa aa aa aa aa aa aa aa aa aa aa aa aa aa aa aa
  row 4: aa aa aa aa aa aa aa aa aa aa aa aa aa aa aa aa aa aa aa aa aa aa aa aa aa aa aa aa aa aa aa aa
  row 5: aa aa aa aa aa aa aa aa aa aa aa aa aa aa aa aa aa aa aa aa aa aa aa aa aa aa aa aa aa aa aa aa
  dumped /Users/bushmas/rung3/va/g3_gf_p11_m2.bin
HOLD-AFTER 2 s (take the 'after' screenshot now)
  [guard after close] fwd=54 swallow=12 dvd_opens=1 doIDCT(sel18)=1 remaps=12
ava_drive: done
EXIT=0
