32	10790	14240	scalarI_scalarO	connect=0x2403	ctype=3	sel=8	SWALLOW(fake image handle)	00000000 02807600 00000800  fake_handle=0x612550	0
33	10790	19291	IOConnectMapMemory	connect=0x2403	ctype=3	sel=-1	SWALLOW(remap)	memType=1 addr=0x520000 size=0x80000	0
34	10790	19317	scalarI_scalarO	connect=0x2403	ctype=3	sel=21	FWD	00000000 00000040 00000030 00000000 00037c00 	0
35	10790	19341	scalarI_structureI	connect=0x2403	ctype=3	sel=0	FWD	170d0708 00004000 00000001 	0
36	10790	24376	IOConnectMapMemory	connect=0x2403	ctype=3	sel=-1	SWALLOW(remap)	memType=1 addr=0x520000 size=0x80000	0
37	10790	29391	IOConnectMapMemory	connect=0x2403	ctype=3	sel=-1	SWALLOW(remap)	memType=1 addr=0x520000 size=0x80000	0
38	10790	29700	scalarI_structureO	connect=0x2403	ctype=3	sel=4	FWD	00000000 	0
39	10790	29800	structureI_structureO	connect=0x2403	ctype=3	sel=18	ABOUT-TO-CALL(doIDCT FORWARDED)	in=56	params=0000000000000000000000000000000000000003000100a000000000a00022e090102de0003000408400042290102e4c000000c700000000	-
40	10790	37117	structureI_structureO	connect=0x2403	ctype=3	sel=18	RESULT(doIDCT FORWARDED)	rc=0x00000000	kernel_call_us=308	out=0
41	10790	42349	IOConnectMapMemory	connect=0x2403	ctype=3	sel=-1	SWALLOW(remap)	memType=4 addr=0x705000 size=0x80000	0
42	10790	20041819	IOServiceClose	connect=0x230b	ctype=2	sel=-1	FWD	-	0
43	10790	20055275	IOConnectMapMemory	connect=0x2403	ctype=3	sel=-1	SWALLOW(remap)	memType=1 addr=0x520000 size=0x80000	0
44	10790	20055317	scalarI_structureI	connect=0x2403	ctype=3	sel=9	SWALLOW	00000000 	0
45	10790	20055379	scalarI_structureI	connect=0x2403	ctype=3	sel=9	SWALLOW	00000000 	0
46	10790	20055434	scalarI_structureI	connect=0x2403	ctype=3	sel=9	SWALLOW	00000000 	0
47	10790	20055459	scalarI_structureI	connect=0x2403	ctype=3	sel=9	SWALLOW	00000000 	0
48	10790	20055485	scalarI_structureI	connect=0x2403	ctype=3	sel=9	SWALLOW	00000000 	0
49	10790	20055512	scalarI_structureI	connect=0x2403	ctype=3	sel=9	SWALLOW	00000000 	0
50	10790	20055538	scalarI_structureI	connect=0x2403	ctype=3	sel=9	SWALLOW	00000000 	0
51	10790	20055564	scalarI_structureI	connect=0x2403	ctype=3	sel=9	SWALLOW	00000000 	0
52	10790	20055590	scalarI_structureI	connect=0x2403	ctype=3	sel=9	SWALLOW	00000000 	0
53	10790	20055666	scalarI_structureI	connect=0x2403	ctype=3	sel=9	SWALLOW	00000000 	0
54	10790	20055696	scalarI_structureI	connect=0x2403	ctype=3	sel=9	SWALLOW	00000000 	0
55	10790	20055763	scalarI_structureI	connect=0x2403	ctype=3	sel=9	SWALLOW	00000000 	0
56	10790	20055805	scalarI_structureI	connect=0x2403	ctype=3	sel=9	SWALLOW	00000000 	0
57	10790	20055856	scalarI_structureI	connect=0x2403	ctype=3	sel=9	SWALLOW	00000000 	0
58	10790	20065922	IOConnectMapMemory	connect=0x2403	ctype=3	sel=-1	SWALLOW(remap)	memType=1 addr=0x520000 size=0x80000	0
59	10790	20065950	scalarI_structureI	connect=0x2403	ctype=3	sel=9	SWALLOW	00000000 	0
60	10790	20075994	IOConnectMapMemory	connect=0x2403	ctype=3	sel=-1	SWALLOW(remap)	memType=1 addr=0x520000 size=0x80000	0
61	10790	20076022	scalarI_structureI	connect=0x2403	ctype=3	sel=9	SWALLOW	00000000 	0
62	10790	20076665	IOServiceClose	connect=0x2403	ctype=3	sel=-1	FWD	-	0
