28	10043	14098	scalarI_scalarO	connect=0x2403	ctype=3	sel=8	SWALLOW(fake image handle)	00000000 005d7000 00016800  fake_handle=0x611dd0	0
29	10043	14110	scalarI_scalarO	connect=0x2403	ctype=3	sel=8	SWALLOW(fake image handle)	00000000 00785000 00016800  fake_handle=0x611f10	0
30	10043	14120	scalarI_scalarO	connect=0x2403	ctype=3	sel=8	SWALLOW(fake image handle)	00000000 007ae000 00016800  fake_handle=0x612050	0
31	10043	14131	scalarI_scalarO	connect=0x2403	ctype=3	sel=8	SWALLOW(fake image handle)	00000000 007d7000 00016800  fake_handle=0x612190	0
32	10043	14143	scalarI_scalarO	connect=0x2403	ctype=3	sel=8	SWALLOW(fake image handle)	00000000 02807600 00000800  fake_handle=0x6122d0	0
33	10043	19158	IOConnectMapMemory	connect=0x2403	ctype=3	sel=-1	SWALLOW(remap)	memType=1 addr=0x520000 size=0x80000	0
34	10043	19182	scalarI_scalarO	connect=0x2403	ctype=3	sel=21	FWD	00000000 00000040 00000030 00000000 00037c00 	0
35	10043	19207	scalarI_structureI	connect=0x2403	ctype=3	sel=0	FWD	170d5de2 00004000 00000001 	0
36	10043	24194	IOConnectMapMemory	connect=0x2403	ctype=3	sel=-1	SWALLOW(remap)	memType=1 addr=0x520000 size=0x80000	0
37	10043	29190	IOConnectMapMemory	connect=0x2403	ctype=3	sel=-1	SWALLOW(remap)	memType=1 addr=0x520000 size=0x80000	0
38	10043	15028997	structureI_structureO	connect=0x2403	ctype=3	sel=18	ABOUT-TO-CALL(doIDCT FORWARDED)	in=56	params=0000000000000000000000000000000000000003000100a00000000041544956414472690030004000000000000000000000000000000000	-
39	10043	15042893	structureI_structureO	connect=0x2403	ctype=3	sel=18	RESULT(doIDCT FORWARDED)	rc=0xe00002d8	out=0	0xe00002d8
40	10043	15053040	IOConnectMapMemory	connect=0x2403	ctype=3	sel=-1	SWALLOW(remap)	memType=4 addr=0x705000 size=0x80000	0
41	10043	35052546	IOServiceClose	connect=0x230b	ctype=2	sel=-1	FWD	-	0
42	10043	35064206	IOConnectMapMemory	connect=0x2403	ctype=3	sel=-1	SWALLOW(remap)	memType=1 addr=0x520000 size=0x80000	0
43	10043	35064242	scalarI_structureI	connect=0x2403	ctype=3	sel=9	SWALLOW	00000000 	0
44	10043	35064292	scalarI_structureI	connect=0x2403	ctype=3	sel=9	SWALLOW	00000000 	0
45	10043	35064320	scalarI_structureI	connect=0x2403	ctype=3	sel=9	SWALLOW	00000000 	0
46	10043	35064346	scalarI_structureI	connect=0x2403	ctype=3	sel=9	SWALLOW	00000000 	0
47	10043	35064372	scalarI_structureI	connect=0x2403	ctype=3	sel=9	SWALLOW	00000000 	0
48	10043	35064397	scalarI_structureI	connect=0x2403	ctype=3	sel=9	SWALLOW	00000000 	0
49	10043	35064423	scalarI_structureI	connect=0x2403	ctype=3	sel=9	SWALLOW	00000000 	0
50	10043	35064449	scalarI_structureI	connect=0x2403	ctype=3	sel=9	SWALLOW	00000000 	0
51	10043	35064474	scalarI_structureI	connect=0x2403	ctype=3	sel=9	SWALLOW	00000000 	0
52	10043	35064542	scalarI_structureI	connect=0x2403	ctype=3	sel=9	SWALLOW	00000000 	0
53	10043	35064570	scalarI_structureI	connect=0x2403	ctype=3	sel=9	SWALLOW	00000000 	0
54	10043	35064625	scalarI_structureI	connect=0x2403	ctype=3	sel=9	SWALLOW	00000000 	0
55	10043	35064667	scalarI_structureI	connect=0x2403	ctype=3	sel=9	SWALLOW	00000000 	0
56	10043	35064717	scalarI_structureI	connect=0x2403	ctype=3	sel=9	SWALLOW	00000000 	0
57	10043	35074758	IOConnectMapMemory	connect=0x2403	ctype=3	sel=-1	SWALLOW(remap)	memType=1 addr=0x520000 size=0x80000	0
58	10043	35074787	scalarI_structureI	connect=0x2403	ctype=3	sel=9	SWALLOW	00000000 	0
59	10043	35084831	IOConnectMapMemory	connect=0x2403	ctype=3	sel=-1	SWALLOW(remap)	memType=1 addr=0x520000 size=0x80000	0
60	10043	35084859	scalarI_structureI	connect=0x2403	ctype=3	sel=9	SWALLOW	00000000 	0
61	10043	35085220	IOServiceClose	connect=0x2403	ctype=3	sel=-1	FWD	-	0
