ava_drive: display 0xb4390d8, guard LOADED
CGSNewRegionWithRect rc=0
CGSNewWindow cid=54751 -> wid=120 rc=0
CGSAddSurface -> sid=273127589 rc=0
CGSOrderWindow rc=0
  [guard before open] fwd=0 swallow=0 dvd_opens=0 doIDCT(sel18)=0 remaps=0
DVDDriverOpenDeviceImpl rc=0x0 dev=0x280a200 sizes=1024,768 flags=0x1180 out9=5 out10=8
  [guard after open] fwd=37 swallow=0 dvd_opens=1 doIDCT(sel18)=0 remaps=5
readback: open 2D client rc=0x0
readback: 2D set_surface(sid, 0x800) rc=0x0
readback: 2D lock_memory(0) rc=0x0 addr=0xb93d3000 size=0x100
readback: 2D unlock_memory(0) rc=0x0
readback: open GL client rc=0x0
readback: GL set_surface(sid, 0x800) rc=0x0
prime-surface: rb_setup(sid) -> 0
setup_buffers: connect=0x2403 (forwarded only if GUARD_FORWARD includes 21)
setup_buffers #1(0,64,48,0,0x27c00) -> rc=0x00000000
setup_buffers #2(0,64,48,0,0x37c00) -> rc=0x00000000
lock_all_buffers: connect=0x2403 (forwarded only if GUARD_FORWARD includes 4)
lock_all_buffers -> rc=0x00000000 outSize=256
  slot 10: address=0x00000000 pitch=0x0
  slot 11: address=0x00000000 pitch=0x0
  slot 12: address=0x00000000 pitch=0x0
  slot 13: address=0x00000000 pitch=0x0
  slot 14: address=0x00000000 pitch=0x0
  slot 15: address=0x00000000 pitch=0x0
  slot 16: address=0x00000000 pitch=0x0
  slot 17: address=0x00000000 pitch=0x0
  slot 18: address=0x00000000 pitch=0x0
  slot 19: address=0x00000000 pitch=0x0
  slot 20: address=0x00000000 pitch=0x0
  slot 21: address=0x00000000 pitch=0x0
  slot 22: address=0x00000000 pitch=0x0
picture 0 'I0 frame, zigzag': type 1 alt 0 dst 0 fwd 0, 11 coefficient dwords, pstruct 3
  decode returned (repeat 0)
  [guard after decode] fwd=40 swallow=2 dvd_opens=1 doIDCT(sel18)=1 remaps=6
HOLD-AFTER 10 s (take the 'after' screenshot now)
  [guard after close] fwd=61 swallow=2 dvd_opens=1 doIDCT(sel18)=1 remaps=9
ava_drive: done
EXIT=0
