ava_drive: display 0xb4390d8, guard LOADED
CGSNewRegionWithRect rc=0
CGSNewWindow cid=57007 -> wid=140 rc=0
CGSAddSurface -> sid=386695296 rc=0
CGSOrderWindow rc=0
  [guard before open] fwd=0 swallow=0 dvd_opens=0 doIDCT(sel18)=0 remaps=0
DVDDriverOpenDeviceImpl rc=0x0 dev=0x2809000 sizes=1024,768 flags=0x1180 out9=5 out10=8
  [guard after open] fwd=16 swallow=21 dvd_opens=1 doIDCT(sel18)=0 remaps=5
picture 0 'I0 frame, zigzag': type 1 alt 0 dst 0 fwd 0, 11 coefficient dwords
  decode returned
  [guard after decode] fwd=16 swallow=23 dvd_opens=1 doIDCT(sel18)=1 remaps=6
picture 1 'I1 frame, alternate scan': type 1 alt 1 dst 1 fwd 0, 5 coefficient dwords
  decode returned
  [guard after decode] fwd=16 swallow=25 dvd_opens=1 doIDCT(sel18)=2 remaps=7
picture 2 'P0 frame, forward MB + intra MB': type 2 alt 0 dst 2 fwd 0, 2 coefficient dwords
  decode returned
  [guard after decode] fwd=16 swallow=30 dvd_opens=1 doIDCT(sel18)=4 remaps=10
  [guard after close] fwd=18 swallow=49 dvd_opens=1 doIDCT(sel18)=4 remaps=13
ava_drive: done
EXIT=0
